###############################################################################
#
# IAR ELF Linker V2.20.1.176 for STM8                     25/Jun/2017  18:58:10
# Copyright 2010-2015 IAR Systems AB.
#
#    Output file  =  
#        E:\MCU\STM8L\STM8L152
#        Nano\Github\01-GPIO\EWSTM8\Debug\Exe\stm8l152.out
#    Map file     =  
#        E:\MCU\STM8L\STM8L152
#        Nano\Github\01-GPIO\EWSTM8\Debug\List\stm8l152.map
#    Command line =  
#        "E:\MCU\STM8L\STM8L152 Nano\Github\01-GPIO\EWSTM8\Debug\Obj\board.o"
#        "E:\MCU\STM8L\STM8L152 Nano\Github\01-GPIO\EWSTM8\Debug\Obj\main.o"
#        "E:\MCU\STM8L\STM8L152
#        Nano\Github\01-GPIO\EWSTM8\Debug\Obj\stm8l15x_adc.o"
#        "E:\MCU\STM8L\STM8L152
#        Nano\Github\01-GPIO\EWSTM8\Debug\Obj\stm8l15x_aes.o"
#        "E:\MCU\STM8L\STM8L152
#        Nano\Github\01-GPIO\EWSTM8\Debug\Obj\stm8l15x_beep.o"
#        "E:\MCU\STM8L\STM8L152
#        Nano\Github\01-GPIO\EWSTM8\Debug\Obj\stm8l15x_clk.o"
#        "E:\MCU\STM8L\STM8L152
#        Nano\Github\01-GPIO\EWSTM8\Debug\Obj\stm8l15x_comp.o"
#        "E:\MCU\STM8L\STM8L152
#        Nano\Github\01-GPIO\EWSTM8\Debug\Obj\stm8l15x_dac.o"
#        "E:\MCU\STM8L\STM8L152
#        Nano\Github\01-GPIO\EWSTM8\Debug\Obj\stm8l15x_dma.o"
#        "E:\MCU\STM8L\STM8L152
#        Nano\Github\01-GPIO\EWSTM8\Debug\Obj\stm8l15x_exti.o"
#        "E:\MCU\STM8L\STM8L152
#        Nano\Github\01-GPIO\EWSTM8\Debug\Obj\stm8l15x_flash.o"
#        "E:\MCU\STM8L\STM8L152
#        Nano\Github\01-GPIO\EWSTM8\Debug\Obj\stm8l15x_gpio.o"
#        "E:\MCU\STM8L\STM8L152
#        Nano\Github\01-GPIO\EWSTM8\Debug\Obj\stm8l15x_i2c.o"
#        "E:\MCU\STM8L\STM8L152
#        Nano\Github\01-GPIO\EWSTM8\Debug\Obj\stm8l15x_irtim.o"
#        "E:\MCU\STM8L\STM8L152
#        Nano\Github\01-GPIO\EWSTM8\Debug\Obj\stm8l15x_it.o"
#        "E:\MCU\STM8L\STM8L152
#        Nano\Github\01-GPIO\EWSTM8\Debug\Obj\stm8l15x_itc.o"
#        "E:\MCU\STM8L\STM8L152
#        Nano\Github\01-GPIO\EWSTM8\Debug\Obj\stm8l15x_iwdg.o"
#        "E:\MCU\STM8L\STM8L152
#        Nano\Github\01-GPIO\EWSTM8\Debug\Obj\stm8l15x_lcd.o"
#        "E:\MCU\STM8L\STM8L152
#        Nano\Github\01-GPIO\EWSTM8\Debug\Obj\stm8l15x_pwr.o"
#        "E:\MCU\STM8L\STM8L152
#        Nano\Github\01-GPIO\EWSTM8\Debug\Obj\stm8l15x_rst.o"
#        "E:\MCU\STM8L\STM8L152
#        Nano\Github\01-GPIO\EWSTM8\Debug\Obj\stm8l15x_rtc.o"
#        "E:\MCU\STM8L\STM8L152
#        Nano\Github\01-GPIO\EWSTM8\Debug\Obj\stm8l15x_spi.o"
#        "E:\MCU\STM8L\STM8L152
#        Nano\Github\01-GPIO\EWSTM8\Debug\Obj\stm8l15x_syscfg.o"
#        "E:\MCU\STM8L\STM8L152
#        Nano\Github\01-GPIO\EWSTM8\Debug\Obj\stm8l15x_tim1.o"
#        "E:\MCU\STM8L\STM8L152
#        Nano\Github\01-GPIO\EWSTM8\Debug\Obj\stm8l15x_tim2.o"
#        "E:\MCU\STM8L\STM8L152
#        Nano\Github\01-GPIO\EWSTM8\Debug\Obj\stm8l15x_tim3.o"
#        "E:\MCU\STM8L\STM8L152
#        Nano\Github\01-GPIO\EWSTM8\Debug\Obj\stm8l15x_tim4.o"
#        "E:\MCU\STM8L\STM8L152
#        Nano\Github\01-GPIO\EWSTM8\Debug\Obj\stm8l15x_usart.o"
#        "E:\MCU\STM8L\STM8L152
#        Nano\Github\01-GPIO\EWSTM8\Debug\Obj\stm8l15x_wfe.o"
#        "E:\MCU\STM8L\STM8L152
#        Nano\Github\01-GPIO\EWSTM8\Debug\Obj\stm8l15x_wwdg.o" --redirect
#        _Printf=_PrintfFullNoMb --redirect _Scanf=_ScanfFullNoMb -o
#        "E:\MCU\STM8L\STM8L152
#        Nano\Github\01-GPIO\EWSTM8\Debug\Exe\stm8l152.out" --map
#        "E:\MCU\STM8L\STM8L152
#        Nano\Github\01-GPIO\EWSTM8\Debug\List\stm8l152.map" --config
#        "C:\Program Files (x86)\IAR Systems\Embedded Workbench
#        7.3\stm8\config\lnkstm8l152k4.icf" --config_def _CSTACK_SIZE=0x100
#        --config_def _HEAP_SIZE=0x100 --entry __iar_program_start --debug_lib
#
###############################################################################

*******************************************************************************
*** RUNTIME MODEL ATTRIBUTES
***

__SystemLibrary            = DLib
__code_model               = small
__core                     = stm8
__data_model               = medium
__dlib_file_descriptor     = 0
__dlib_full_locale_support = 0
__rt_version               = 4


*******************************************************************************
*** PLACEMENT SUMMARY
***

"A1":  place at start of [0x000000-0x0000ff] { rw section .vregs };
"A2":  place at end of [0x000000-0x0007ff] { block CSTACK };
"P2":  place in [from 0x000000 to 0x0007ff] {
          block HEAP, rw section __DLIB_PERTHREAD, rw section .far.bss,
          rw section .far.data, rw section .far.noinit,
          rw section .far_func.textrw, rw section .huge.bss,
          rw section .huge.data, rw section .huge.noinit,
          rw section .huge_func.textrw, rw section .iar.dynexit,
          rw section .near.bss, rw section .near.data, rw section .near.noinit,
          rw section .near_func.textrw };
"A3":  place at start of [0x008000-0x00bfff] { block INTVEC };
"P3":  place in [from 0x008000 to 0x00bfff] {
          ro section __DLIB_PERTHREAD_init, ro section .far.data_init,
          ro section .far_func.textrw_init, ro section .huge.data_init,
          ro section .huge_func.textrw_init, ro section .iar.init_table,
          ro section .init_array, ro section .near.data_init,
          ro section .near.rodata, ro section .near_func.text,
          ro section .near_func.textrw_init, ro section .tiny.data_init,
          ro section .tiny.rodata_init };

  Section          Kind      Address   Size  Object
  -------          ----      -------   ----  ------
"A1":                                   0xc
  .vregs           uninit   0x000000    0xc  vregs.o [4]
                          - 0x00000c    0xc

"P2":                                   0x4
  .near.bss        zero     0x00000c    0x4  board.o [1]
                          - 0x000010    0x4

"A2":                                 0x100
  CSTACK                    0x000700  0x100  <Block>
    CSTACK         uninit   0x000700  0x100  <Block tail>
                          - 0x000800  0x100

"A3":                                  0x80
  INTVEC                    0x008000   0x80  <Block>
    .intvec        const    0x008000   0x80  interrupt.o [4]
                          - 0x008080   0x80

"P3":                                 0x1d4
  .near_func.text  ro code  0x008080   0x5d  vreg_util.o [4]
  .near_func.text  ro code  0x0080dd   0x24  board.o [1]
  .near_func.text  ro code  0x008101   0x21  stm8l15x_exti.o [1]
  .iar.init_table  const    0x008122    0x8  - Linker created -
  .near_func.text  ro code  0x00812a   0x1e  init_small.o [4]
  .near_func.text  ro code  0x008148   0x1c  stm8l15x_it.o [1]
  .near_func.text  ro code  0x008164   0x1b  stm8l15x_it.o [1]
  .near_func.text  ro code  0x00817f   0x1a  long_util.o [4]
  .near_func.text  ro code  0x008199   0x19  long.o [4]
  .near_func.text  ro code  0x0081b2   0x17  init.o [4]
  .near_func.text  ro code  0x0081c9   0x14  __dbg_xxexit.o [3]
  .near_func.text  ro code  0x0081dd   0x13  cstartup.o [4]
  .near_func.text  ro code  0x0081f0    0xe  board.o [1]
  .near_func.text  ro code  0x0081fe    0xd  stm8l15x_clk.o [1]
  .near_func.text  ro code  0x00820b    0x9  board.o [1]
  .near_func.text  ro code  0x008214    0x5  main.o [1]
  .near_func.text  ro code  0x008219    0x5  stm8l15x_tim4.o [1]
  .near_func.text  ro code  0x00821e    0x5  cexit.o [4]
  .near_func.text  ro code  0x008223    0x4  stm8l15x_clk.o [1]
  .near_func.text  ro code  0x008227    0x4  stm8l15x_clk.o [1]
  .near_func.text  ro code  0x00822b    0x3  interrupt.o [4]
  .near_func.text  ro code  0x00822e    0x3  low_level_init.o [4]
  .near_func.text  ro code  0x008231    0x3  exit.o [4]
  .near_func.text  ro code  0x008234    0x3  unhandled_exception.o [4]
  .near_func.text  ro code  0x008237    0x1  stm8l15x_it.o [1]
  .near_func.text  ro code  0x008238    0x1  stm8l15x_it.o [1]
  .near_func.text  ro code  0x008239    0x1  stm8l15x_it.o [1]
  .near_func.text  ro code  0x00823a    0x1  stm8l15x_it.o [1]
  .near_func.text  ro code  0x00823b    0x1  stm8l15x_it.o [1]
  .near_func.text  ro code  0x00823c    0x1  stm8l15x_it.o [1]
  .near_func.text  ro code  0x00823d    0x1  stm8l15x_it.o [1]
  .near_func.text  ro code  0x00823e    0x1  stm8l15x_it.o [1]
  .near_func.text  ro code  0x00823f    0x1  stm8l15x_it.o [1]
  .near_func.text  ro code  0x008240    0x1  stm8l15x_it.o [1]
  .near_func.text  ro code  0x008241    0x1  stm8l15x_it.o [1]
  .near_func.text  ro code  0x008242    0x1  stm8l15x_it.o [1]
  .near_func.text  ro code  0x008243    0x1  stm8l15x_it.o [1]
  .near_func.text  ro code  0x008244    0x1  stm8l15x_it.o [1]
  .near_func.text  ro code  0x008245    0x1  stm8l15x_it.o [1]
  .near_func.text  ro code  0x008246    0x1  stm8l15x_it.o [1]
  .near_func.text  ro code  0x008247    0x1  stm8l15x_it.o [1]
  .near_func.text  ro code  0x008248    0x1  stm8l15x_it.o [1]
  .near_func.text  ro code  0x008249    0x1  stm8l15x_it.o [1]
  .near_func.text  ro code  0x00824a    0x1  stm8l15x_it.o [1]
  .near_func.text  ro code  0x00824b    0x1  stm8l15x_it.o [1]
  .near_func.text  ro code  0x00824c    0x1  stm8l15x_it.o [1]
  .near_func.text  ro code  0x00824d    0x1  stm8l15x_it.o [1]
  .near_func.text  ro code  0x00824e    0x1  stm8l15x_it.o [1]
  .near_func.text  ro code  0x00824f    0x1  stm8l15x_it.o [1]
  .near_func.text  ro code  0x008250    0x1  stm8l15x_it.o [1]
  .near_func.text  ro code  0x008251    0x1  stm8l15x_it.o [1]
  .near_func.text  ro code  0x008252    0x1  stm8l15x_it.o [1]
  .near_func.text  ro code  0x008253    0x1  __dbg_break.o [3]
                          - 0x008254  0x1d4


*******************************************************************************
*** INIT TABLE
***

          Address   Size
          -------   ----
Zero (__iar_zero_init2)
    1 destination range, total size 0x4:
          0x00000c   0x4



*******************************************************************************
*** MODULE SUMMARY
***

    Module                 ro code  ro data  rw data
    ------                 -------  -------  -------
E:\MCU\STM8L\STM8L152 Nano\Github\01-GPIO\EWSTM8\Debug\Obj: [1]
    board.o                     59                 4
    main.o                       5
    stm8l15x_clk.o              21
    stm8l15x_exti.o             33
    stm8l15x_it.o               83
    stm8l15x_tim4.o              5
    ------------------------------------------------
    Total:                     206                 4

command line: [2]
    ------------------------------------------------
    Total:

dbgstm8smd.a: [3]
    __dbg_break.o                1
    __dbg_xxexit.o              20
    ------------------------------------------------
    Total:                      21

dlstm8smn.a: [4]
    cexit.o                      5
    cstartup.o                  19
    exit.o                       3
    init.o                      23
    init_small.o                30
    interrupt.o                  3      128
    long.o                      25
    long_util.o                 26
    low_level_init.o             3
    unhandled_exception.o        3
    vreg_util.o                 93
    vregs.o                                       12
    ------------------------------------------------
    Total:                     233      128       12

    Linker created                        8      256
----------------------------------------------------
    Grand Total:               460      136      272


*******************************************************************************
*** ENTRY LIST
***

Entry                    Address  Size  Type      Object
-----                    -------  ----  ----      ------
.iar.init_table$$Base   0x008122         --   Gb  - Linker created -
.iar.init_table$$Limit  0x00812a         --   Gb  - Linker created -
?b0                     0x000000        Data  Gb  vregs.o [4]
?b1                     0x000001        Data  Gb  vregs.o [4]
?b10                    0x00000a        Data  Gb  vregs.o [4]
?b11                    0x00000b        Data  Gb  vregs.o [4]
?b2                     0x000002        Data  Gb  vregs.o [4]
?b3                     0x000003        Data  Gb  vregs.o [4]
?b4                     0x000004        Data  Gb  vregs.o [4]
?b5                     0x000005        Data  Gb  vregs.o [4]
?b6                     0x000006        Data  Gb  vregs.o [4]
?b7                     0x000007        Data  Gb  vregs.o [4]
?b8                     0x000008        Data  Gb  vregs.o [4]
?b9                     0x000009        Data  Gb  vregs.o [4]
?dec32_0x_0x            0x00819e        Code  Gb  long.o [4]
?dec32_l0_l0            0x008199        Code  Gb  long.o [4]
?e0                     0x000001        Data  Gb  vregs.o [4]
?e1                     0x000005        Data  Gb  vregs.o [4]
?e2                     0x000009        Data  Gb  vregs.o [4]
?l0                     0x000000        Data  Gb  vregs.o [4]
?l1                     0x000004        Data  Gb  vregs.o [4]
?l2                     0x000008        Data  Gb  vregs.o [4]
?load32_0x_l0           0x00818b        Code  Gb  long_util.o [4]
?load32_l0_0x           0x00817f        Code  Gb  long_util.o [4]
?pop_l0                 0x0080bf        Code  Gb  vreg_util.o [4]
?pop_l1                 0x0080ca        Code  Gb  vreg_util.o [4]
?push_l0                0x008098        Code  Gb  vreg_util.o [4]
?push_l1                0x00809d        Code  Gb  vreg_util.o [4]
?push_w4                0x008080        Code  Gb  vreg_util.o [4]
?w0                     0x000000        Data  Gb  vregs.o [4]
?w1                     0x000002        Data  Gb  vregs.o [4]
?w2                     0x000004        Data  Gb  vregs.o [4]
?w3                     0x000006        Data  Gb  vregs.o [4]
?w4                     0x000008        Data  Gb  vregs.o [4]
?w5                     0x00000a        Data  Gb  vregs.o [4]
ADC1_COMP_IRQHandler    0x008248   0x1  Code  Gb  stm8l15x_it.o [1]
CLK_HSE_16MHz_Init      0x0081f0   0xe  Code  Gb  board.o [1]
CLK_SYSCLKDivConfig     0x008227   0x4  Code  Gb  stm8l15x_clk.o [1]
CLK_SYSCLKSourceConfig  0x008223   0x4  Code  Gb  stm8l15x_clk.o [1]
CLK_SYSCLKSourceSwitchCmd
                        0x0081fe   0xd  Code  Gb  stm8l15x_clk.o [1]
CSTACK$$Base            0x000700         --   Gb  - Linker created -
CSTACK$$Limit           0x000800         --   Gb  - Linker created -
DMA1_CHANNEL0_1_IRQHandler
                        0x008239   0x1  Code  Gb  stm8l15x_it.o [1]
DMA1_CHANNEL2_3_IRQHandler
                        0x00823a   0x1  Code  Gb  stm8l15x_it.o [1]
EXTI0_IRQHandler        0x00823f   0x1  Code  Gb  stm8l15x_it.o [1]
EXTI1_IRQHandler        0x008240   0x1  Code  Gb  stm8l15x_it.o [1]
EXTI2_IRQHandler        0x008241   0x1  Code  Gb  stm8l15x_it.o [1]
EXTI3_IRQHandler        0x008242   0x1  Code  Gb  stm8l15x_it.o [1]
EXTI4_IRQHandler        0x008243   0x1  Code  Gb  stm8l15x_it.o [1]
EXTI5_IRQHandler        0x008244   0x1  Code  Gb  stm8l15x_it.o [1]
EXTI6_IRQHandler        0x008148  0x1c  Code  Gb  stm8l15x_it.o [1]
EXTI7_IRQHandler        0x008245   0x1  Code  Gb  stm8l15x_it.o [1]
EXTIB_G_IRQHandler      0x00823d   0x1  Code  Gb  stm8l15x_it.o [1]
EXTID_H_IRQHandler      0x00823e   0x1  Code  Gb  stm8l15x_it.o [1]
EXTIE_F_PVD_IRQHandler  0x00823c   0x1  Code  Gb  stm8l15x_it.o [1]
EXTI_ClearITPendingBit  0x008101  0x21  Code  Gb  stm8l15x_exti.o [1]
FLASH_IRQHandler        0x008238   0x1  Code  Gb  stm8l15x_it.o [1]
I2C1_SPI2_IRQHandler    0x008252   0x1  Code  Gb  stm8l15x_it.o [1]
INTVEC$$Base            0x008000         --   Gb  - Linker created -
INTVEC$$Limit           0x008080         --   Gb  - Linker created -
LCD_AES_IRQHandler      0x008246   0x1  Code  Gb  stm8l15x_it.o [1]
LED_Toggle              0x00820b   0x9  Code  Gb  board.o [1]
RTC_CSSLSE_IRQHandler   0x00823b   0x1  Code  Gb  stm8l15x_it.o [1]
Region$$Table$$Base     0x008122         --   Gb  - Linker created -
Region$$Table$$Limit    0x00812a         --   Gb  - Linker created -
SPI1_IRQHandler         0x00824f   0x1  Code  Gb  stm8l15x_it.o [1]
SWITCH_CSS_BREAK_DAC_IRQHandler
                        0x008247   0x1  Code  Gb  stm8l15x_it.o [1]
TIM1_CC_IRQHandler      0x00824e   0x1  Code  Gb  stm8l15x_it.o [1]
TIM1_UPD_OVF_TRG_COM_IRQHandler
                        0x00824d   0x1  Code  Gb  stm8l15x_it.o [1]
TIM2_CC_USART2_RX_IRQHandler
                        0x00824a   0x1  Code  Gb  stm8l15x_it.o [1]
TIM2_UPD_OVF_TRG_BRK_USART2_TX_IRQHandler
                        0x008249   0x1  Code  Gb  stm8l15x_it.o [1]
TIM3_CC_USART3_RX_IRQHandler
                        0x00824c   0x1  Code  Gb  stm8l15x_it.o [1]
TIM3_UPD_OVF_TRG_BRK_USART3_TX_IRQHandler
                        0x00824b   0x1  Code  Gb  stm8l15x_it.o [1]
TIM4_ClearITPendingBit  0x008219   0x5  Code  Gb  stm8l15x_tim4.o [1]
TIM4_UPD_OVF_TRG_IRQHandler
                        0x008164  0x1b  Code  Gb  stm8l15x_it.o [1]
TRAP_IRQHandler         0x008237   0x1  Code  Gb  stm8l15x_it.o [1]
TimingDelay             0x00000c   0x4  Data  Gb  board.o [1]
TimingDelay_Decrement   0x0080dd  0x24  Code  Gb  board.o [1]
USART1_RX_TIM5_CC_IRQHandler
                        0x008251   0x1  Code  Gb  stm8l15x_it.o [1]
USART1_TX_TIM5_UPD_OVF_TRG_BRK_IRQHandler
                        0x008250   0x1  Code  Gb  stm8l15x_it.o [1]
__DebugBreak            0x008253   0x1  Code  Gb  __dbg_break.o [3]
__exit                  0x0081c9  0x14  Code  Gb  __dbg_xxexit.o [3]
__iar_data_init2        0x0081b2  0x17  Code  Gb  init.o [4]
__iar_program_start     0x0081dd        Code  Gb  cstartup.o [4]
__iar_unhandled_exception
                        0x008234        Code  Gb  unhandled_exception.o [4]
__iar_zero_init2        0x00812a        Code  Gb  init_small.o [4]
__intvec                0x008000        Data  Gb  interrupt.o [4]
__low_level_init        0x00822e   0x3  Code  Gb  low_level_init.o [4]
_exit                   0x00821e        Code  Gb  cexit.o [4]
_interrupt_1            0x008237        Code  Gb  stm8l15x_it.o [1]
_interrupt_10           0x00823f        Code  Gb  stm8l15x_it.o [1]
_interrupt_11           0x008240        Code  Gb  stm8l15x_it.o [1]
_interrupt_12           0x008241        Code  Gb  stm8l15x_it.o [1]
_interrupt_13           0x008242        Code  Gb  stm8l15x_it.o [1]
_interrupt_14           0x008243        Code  Gb  stm8l15x_it.o [1]
_interrupt_15           0x008244        Code  Gb  stm8l15x_it.o [1]
_interrupt_16           0x008148        Code  Gb  stm8l15x_it.o [1]
_interrupt_17           0x008245        Code  Gb  stm8l15x_it.o [1]
_interrupt_18           0x008246        Code  Gb  stm8l15x_it.o [1]
_interrupt_19           0x008247        Code  Gb  stm8l15x_it.o [1]
_interrupt_20           0x008248        Code  Gb  stm8l15x_it.o [1]
_interrupt_21           0x008249        Code  Gb  stm8l15x_it.o [1]
_interrupt_22           0x00824a        Code  Gb  stm8l15x_it.o [1]
_interrupt_23           0x00824b        Code  Gb  stm8l15x_it.o [1]
_interrupt_24           0x00824c        Code  Gb  stm8l15x_it.o [1]
_interrupt_25           0x00824d        Code  Gb  stm8l15x_it.o [1]
_interrupt_26           0x00824e        Code  Gb  stm8l15x_it.o [1]
_interrupt_27           0x008164        Code  Gb  stm8l15x_it.o [1]
_interrupt_28           0x00824f        Code  Gb  stm8l15x_it.o [1]
_interrupt_29           0x008250        Code  Gb  stm8l15x_it.o [1]
_interrupt_3            0x008238        Code  Gb  stm8l15x_it.o [1]
_interrupt_30           0x008251        Code  Gb  stm8l15x_it.o [1]
_interrupt_31           0x008252        Code  Gb  stm8l15x_it.o [1]
_interrupt_4            0x008239        Code  Gb  stm8l15x_it.o [1]
_interrupt_5            0x00823a        Code  Gb  stm8l15x_it.o [1]
_interrupt_6            0x00823b        Code  Gb  stm8l15x_it.o [1]
_interrupt_7            0x00823c        Code  Gb  stm8l15x_it.o [1]
_interrupt_8            0x00823d        Code  Gb  stm8l15x_it.o [1]
_interrupt_9            0x00823e        Code  Gb  stm8l15x_it.o [1]
exit                    0x008231   0x3  Code  Gb  exit.o [4]
main                    0x008214   0x5  Code  Gb  main.o [1]


[1] = E:\MCU\STM8L\STM8L152 Nano\Github\01-GPIO\EWSTM8\Debug\Obj
[2] = command line
[3] = dbgstm8smd.a
[4] = dlstm8smn.a

  460 bytes of readonly  code memory
  136 bytes of readonly  data memory
  272 bytes of readwrite data memory

Errors: none
Warnings: none
